Using pre-set license
Built from '2022.3/staging' branch; Version is '2022.3.10f1 (ff3792e53c62) revision 16725906'; Using compiler version '192829333'; Build Type 'Release'
OS: 'Windows 11  (10.0.22631) 64bit Core' Language: 'ja' Physical Memory: 16124 MB
BatchMode: 1, IsHumanControllingUs: 0, StartBugReporterOnCrash: 0, Is64bit: 1, IsPro: 1

COMMAND LINE ARGUMENTS:
C:\Program Files\Unity\Hub\Editor\2022.3.10f1\Editor\Unity.exe
-adb2
-batchMode
-noUpm
-name
AssetImportWorker1
-projectPath
C:/Users/rui02/unity_project/IVRC/IVRC
-logFile
Logs/AssetImportWorker1.log
-srvPort
56867
Successfully changed project path to: C:/Users/rui02/unity_project/IVRC/IVRC
C:/Users/rui02/unity_project/IVRC/IVRC
[UnityMemory] Configuration Parameters - Can be set up in boot.config
    "memorysetup-bucket-allocator-granularity=16"
    "memorysetup-bucket-allocator-bucket-count=8"
    "memorysetup-bucket-allocator-block-size=33554432"
    "memorysetup-bucket-allocator-block-count=8"
    "memorysetup-main-allocator-block-size=16777216"
    "memorysetup-thread-allocator-block-size=16777216"
    "memorysetup-gfx-main-allocator-block-size=16777216"
    "memorysetup-gfx-thread-allocator-block-size=16777216"
    "memorysetup-cache-allocator-block-size=4194304"
    "memorysetup-typetree-allocator-block-size=2097152"
    "memorysetup-profiler-bucket-allocator-granularity=16"
    "memorysetup-profiler-bucket-allocator-bucket-count=8"
    "memorysetup-profiler-bucket-allocator-block-size=33554432"
    "memorysetup-profiler-bucket-allocator-block-count=8"
    "memorysetup-profiler-allocator-block-size=16777216"
    "memorysetup-profiler-editor-allocator-block-size=1048576"
    "memorysetup-temp-allocator-size-main=16777216"
    "memorysetup-job-temp-allocator-block-size=2097152"
    "memorysetup-job-temp-allocator-block-size-background=1048576"
    "memorysetup-job-temp-allocator-reduction-small-platforms=262144"
    "memorysetup-allocator-temp-initial-block-size-main=262144"
    "memorysetup-allocator-temp-initial-block-size-worker=262144"
    "memorysetup-temp-allocator-size-background-worker=32768"
    "memorysetup-temp-allocator-size-job-worker=262144"
    "memorysetup-temp-allocator-size-preload-manager=33554432"
    "memorysetup-temp-allocator-size-nav-mesh-worker=65536"
    "memorysetup-temp-allocator-size-audio-worker=65536"
    "memorysetup-temp-allocator-size-cloud-worker=32768"
    "memorysetup-temp-allocator-size-gi-baking-worker=262144"
    "memorysetup-temp-allocator-size-gfx=262144"
Player connection [28588] Host "[IP] 192.168.11.222 [Port] 0 [Flags] 2 [Guid] 1813795123 [EditorId] 1813795123 [Version] 1048832 [Id] WindowsEditor(7,YamaguchiRui) [Debug] 1 [PackageName] WindowsEditor [ProjectName] Editor" joined multi-casting on [225.0.0.222:54997]...

Player connection [28588] Host "[IP] 192.168.11.222 [Port] 0 [Flags] 2 [Guid] 1813795123 [EditorId] 1813795123 [Version] 1048832 [Id] WindowsEditor(7,YamaguchiRui) [Debug] 1 [PackageName] WindowsEditor [ProjectName] Editor" joined alternative multi-casting on [225.0.0.222:34997]...

[Physics::Module] Initialized MultithreadedJobDispatcher with 19 workers.
Refreshing native plugins compatible for Editor in 2263.39 ms, found 6 plugins.
Preloading 0 native plugins for Editor in 0.00 ms.
Initialize engine version: 2022.3.10f1 (ff3792e53c62)
[Subsystems] Discovering subsystems at path C:/Program Files/Unity/Hub/Editor/2022.3.10f1/Editor/Data/Resources/UnitySubsystems
[Subsystems] Discovering subsystems at path C:/Users/rui02/unity_project/IVRC/IVRC/Assets
GfxDevice: creating device client; threaded=0; jobified=0
Direct3D:
    Version:  Direct3D 11.0 [level 11.1]
    Renderer: NVIDIA GeForce RTX 3060 Laptop GPU (ID=0x2520)
    Vendor:   NVIDIA
    VRAM:     5996 MB
    Driver:   32.0.15.6081
Initialize mono
Mono path[0] = 'C:/Program Files/Unity/Hub/Editor/2022.3.10f1/Editor/Data/Managed'
Mono path[1] = 'C:/Program Files/Unity/Hub/Editor/2022.3.10f1/Editor/Data/MonoBleedingEdge/lib/mono/unityjit-win32'
Mono config path = 'C:/Program Files/Unity/Hub/Editor/2022.3.10f1/Editor/Data/MonoBleedingEdge/etc'
Using monoOptions --debugger-agent=transport=dt_socket,embedding=1,server=y,suspend=n,address=127.0.0.1:56592
Begin MonoManager ReloadAssembly
Registering precompiled unity dll's ...
Register platform support module: C:/Program Files/Unity/Hub/Editor/2022.3.10f1/Editor/Data/PlaybackEngines/WebGLSupport/UnityEditor.WebGL.Extensions.dll
Register platform support module: C:/Program Files/Unity/Hub/Editor/2022.3.10f1/Editor/Data/PlaybackEngines/WindowsStandaloneSupport/UnityEditor.WindowsStandalone.Extensions.dll
Registered in 0.006830 seconds.
- Loaded All Assemblies, in  2.504 seconds
Native extension for WindowsStandalone target not found
Native extension for WebGL target not found
Mono: successfully reloaded assembly
- Finished resetting the current domain, in  0.211 seconds
Domain Reload Profiling: 2715ms
	BeginReloadAssembly (2288ms)
		ExecutionOrderSort (0ms)
		DisableScriptedObjects (0ms)
		BackupInstance (0ms)
		ReleaseScriptingObjects (0ms)
		CreateAndSetChildDomain (1ms)
	RebuildCommonClasses (24ms)
	RebuildNativeTypeToScriptingClass (7ms)
	initialDomainReloadingComplete (43ms)
	LoadAllAssembliesAndSetupDomain (140ms)
		LoadAssemblies (2287ms)
		RebuildTransferFunctionScriptingTraits (0ms)
		AnalyzeDomain (139ms)
			TypeCache.Refresh (138ms)
				TypeCache.ScanAssembly (127ms)
			ScanForSourceGeneratedMonoScriptInfo (0ms)
			ResolveRequiredComponents (0ms)
	FinalizeReload (212ms)
		ReleaseScriptCaches (0ms)
		RebuildScriptCaches (0ms)
		SetupLoadedEditorAssemblies (169ms)
			LogAssemblyErrors (0ms)
			InitializePlatformSupportModulesInManaged (7ms)
			SetLoadedEditorAssemblies (4ms)
			RefreshPlugins (0ms)
			BeforeProcessingInitializeOnLoad (2ms)
			ProcessInitializeOnLoadAttributes (113ms)
			ProcessInitializeOnLoadMethodAttributes (43ms)
			AfterProcessingInitializeOnLoad (0ms)
			EditorAssembliesLoaded (0ms)
		ExecutionOrderSort2 (0ms)
		AwakeInstancesAfterBackupRestoration (0ms)
========================================================================
Worker process is ready to serve import requests
Begin MonoManager ReloadAssembly
Symbol file data-000001527A0B8600 doesn't match image C:\Users\rui02\unity_project\IVRC\IVRC\Library\ScriptAssemblies\UniHumanoid.Editor.dll
Symbol file LoadedFromMemory is not a mono symbol file
Symbol file data-000001527A0BD010 doesn't match image C:\Users\rui02\unity_project\IVRC\IVRC\Library\ScriptAssemblies\Unity.XR.Management.dll
Symbol file LoadedFromMemory is not a mono symbol file
Symbol file data-000001527A0BD010 doesn't match image C:\Users\rui02\unity_project\IVRC\IVRC\Library\ScriptAssemblies\UniHumanoid.Editor.Tests.dll
Symbol file LoadedFromMemory is not a mono symbol file
Symbol file data-0000015257F0EE20 doesn't match image C:\Users\rui02\unity_project\IVRC\IVRC\Library\ScriptAssemblies\Unity.VisualEffectGraph.Runtime.dll
Symbol file LoadedFromMemory is not a mono symbol file
Symbol file data-0000015257F0EE20 doesn't match image C:\Users\rui02\unity_project\IVRC\IVRC\Library\ScriptAssemblies\Unity.RenderPipelines.Core.Runtime.dll
Symbol file LoadedFromMemory is not a mono symbol file
Symbol file data-00000152798486E0 doesn't match image C:\Users\rui02\unity_project\IVRC\IVRC\Library\ScriptAssemblies\Unity.Burst.Editor.dll
Symbol file LoadedFromMemory is not a mono symbol file
Symbol file data-00000152798486E0 doesn't match image C:\Users\rui02\unity_project\IVRC\IVRC\Library\ScriptAssemblies\SteamVR.dll
Symbol file LoadedFromMemory is not a mono symbol file
Symbol file data-0000015257F50B60 doesn't match image C:\Users\rui02\unity_project\IVRC\IVRC\Library\ScriptAssemblies\VRMShaders.GLTF.UniUnlit.Runtime.dll
Symbol file LoadedFromMemory is not a mono symbol file
Symbol file data-0000015257F50B60 doesn't match image C:\Users\rui02\unity_project\IVRC\IVRC\Library\ScriptAssemblies\SteamVR_Windows_EditorHelper.dll
Symbol file LoadedFromMemory is not a mono symbol file
Symbol file data-00000152574E19C0 doesn't match image C:\Users\rui02\unity_project\IVRC\IVRC\Library\ScriptAssemblies\UniGLTF.dll
Symbol file LoadedFromMemory is not a mono symbol file
Symbol file data-00000152574F73D0 doesn't match image C:\Users\rui02\unity_project\IVRC\IVRC\Library\ScriptAssemblies\Unity.Rider.Editor.dll
Symbol file LoadedFromMemory is not a mono symbol file
Symbol file data-0000015257F50B60 doesn't match image C:\Users\rui02\unity_project\IVRC\IVRC\Library\ScriptAssemblies\VRMShaders.VRM10.MToon10.Tests.dll
Symbol file LoadedFromMemory is not a mono symbol file
Symbol file data-00000152798486E0 doesn't match image C:\Users\rui02\unity_project\IVRC\IVRC\Library\ScriptAssemblies\Unity.RenderPipelines.Core.Editor.dll
Symbol file LoadedFromMemory is not a mono symbol file
Symbol file data-0000015279591010 doesn't match image C:\Users\rui02\unity_project\IVRC\IVRC\Library\ScriptAssemblies\Unity.VisualEffectGraph.Editor.dll
Symbol file LoadedFromMemory is not a mono symbol file
Symbol file data-000001527987FCF0 doesn't match image C:\Users\rui02\unity_project\IVRC\IVRC\Library\ScriptAssemblies\UnityEditor.TestRunner.dll
Symbol file LoadedFromMemory is not a mono symbol file
Symbol file data-0000015279938730 doesn't match image C:\Users\rui02\unity_project\IVRC\IVRC\Library\ScriptAssemblies\Unity.VisualScripting.Flow.dll
Symbol file LoadedFromMemory is not a mono symbol file
Symbol file data-0000015257F50B60 doesn't match image C:\Users\rui02\unity_project\IVRC\IVRC\Library\ScriptAssemblies\Unity.Mathematics.Editor.dll
Symbol file LoadedFromMemory is not a mono symbol file
Symbol file data-0000015257F50B60 doesn't match image C:\Users\rui02\unity_project\IVRC\IVRC\Library\ScriptAssemblies\Unity.TestTools.CodeCoverage.Editor.OpenCover.Mono.Reflection.dll
Symbol file LoadedFromMemory is not a mono symbol file
Symbol file data-0000015257F50B60 doesn't match image C:\Users\rui02\unity_project\IVRC\IVRC\Library\ScriptAssemblies\VRMShaders.VRM10.MToon10.Editor.dll
Symbol file LoadedFromMemory is not a mono symbol file
Symbol file data-0000015257F50B60 doesn't match image C:\Users\rui02\unity_project\IVRC\IVRC\Library\ScriptAssemblies\UniGLTF.Utils.dll
Symbol file LoadedFromMemory is not a mono symbol file
Symbol file data-0000015257F50B60 doesn't match image C:\Users\rui02\unity_project\IVRC\IVRC\Library\ScriptAssemblies\Unity.RenderPipelines.HighDefinition.Config.Runtime.dll
Symbol file LoadedFromMemory is not a mono symbol file
Symbol file data-00000152574F73D0 doesn't match image C:\Users\rui02\unity_project\IVRC\IVRC\Library\ScriptAssemblies\MToon.Editor.dll
Symbol file LoadedFromMemory is not a mono symbol file
Symbol file data-000001527987FCF0 doesn't match image C:\Users\rui02\unity_project\IVRC\IVRC\Library\ScriptAssemblies\Unity.Performance.Profile-Analyzer.Editor.dll
Symbol file LoadedFromMemory is not a mono symbol file
Symbol file data-00000152575073E0 doesn't match image C:\Users\rui02\unity_project\IVRC\IVRC\Library\ScriptAssemblies\Unity.RenderPipelines.Core.ShaderLibrary.dll
Symbol file LoadedFromMemory is not a mono symbol file
Symbol file data-0000015279ACA430 doesn't match image C:\Users\rui02\unity_project\IVRC\IVRC\Library\ScriptAssemblies\Unity.XR.Management.Editor.dll
Symbol file LoadedFromMemory is not a mono symbol file
Symbol file data-00000152575073E0 doesn't match image C:\Users\rui02\unity_project\IVRC\IVRC\Library\ScriptAssemblies\VRMShaders.VRM.IO.Runtime.dll
Symbol file LoadedFromMemory is not a mono symbol file
Symbol file data-0000015279979B40 doesn't match image C:\Users\rui02\unity_project\IVRC\IVRC\Library\ScriptAssemblies\Unity.TestTools.CodeCoverage.Editor.dll
Symbol file LoadedFromMemory is not a mono symbol file
Symbol file data-0000015279E80010 doesn't match image C:\Users\rui02\unity_project\IVRC\IVRC\Library\ScriptAssemblies\VRM.dll
Symbol file LoadedFromMemory is not a mono symbol file
Symbol file data-00000152575073E0 doesn't match image C:\Users\rui02\unity_project\IVRC\IVRC\Library\ScriptAssemblies\VRMShaders.GLTF.UniUnlit.Editor.dll
Symbol file LoadedFromMemory is not a mono symbol file
Symbol file data-00000152575073E0 doesn't match image C:\Users\rui02\unity_project\IVRC\IVRC\Library\ScriptAssemblies\PPv2URPConverters.dll
Symbol file LoadedFromMemory is not a mono symbol file
Symbol file data-0000015279979B40 doesn't match image C:\Users\rui02\unity_project\IVRC\IVRC\Library\ScriptAssemblies\Unity.XR.OpenVR.dll
Symbol file LoadedFromMemory is not a mono symbol file
Symbol file data-0000015279897100 doesn't match image C:\Users\rui02\unity_project\IVRC\IVRC\Library\ScriptAssemblies\Unity.Settings.Editor.dll
Symbol file LoadedFromMemory is not a mono symbol file
Symbol file data-0000015279ED0C30 doesn't match image C:\Users\rui02\unity_project\IVRC\IVRC\Library\ScriptAssemblies\Unity.TextMeshPro.dll
Symbol file LoadedFromMemory is not a mono symbol file
Symbol file data-0000015279983F50 doesn't match image C:\Users\rui02\unity_project\IVRC\IVRC\Library\ScriptAssemblies\VRMShaders.VRM10.Format.Runtime.dll
Symbol file LoadedFromMemory is not a mono symbol file
Symbol file data-0000015279F8E230 doesn't match image C:\Users\rui02\unity_project\IVRC\IVRC\Library\ScriptAssemblies\Unity.Burst.CodeGen.dll
Symbol file LoadedFromMemory is not a mono symbol file
Symbol file data-0000015279897100 doesn't match image C:\Users\rui02\unity_project\IVRC\IVRC\Library\ScriptAssemblies\Unity.VSCode.Editor.dll
Symbol file LoadedFromMemory is not a mono symbol file
Symbol file data-00000152579ED020 doesn't match image C:\Users\rui02\unity_project\IVRC\IVRC\Library\ScriptAssemblies\UniGLTF.Editor.dll
Symbol file LoadedFromMemory is not a mono symbol file
Symbol file data-00000152579ED020 doesn't match image C:\Users\rui02\unity_project\IVRC\IVRC\Library\ScriptAssemblies\Unity.RenderPipelines.Universal.Editor.dll
Symbol file LoadedFromMemory is not a mono symbol file
Symbol file data-00000152579ED020 doesn't match image C:\Users\rui02\unity_project\IVRC\IVRC\Library\ScriptAssemblies\Unity.RenderPipelines.HighDefinition.Editor.dll
Symbol file LoadedFromMemory is not a mono symbol file
Symbol file data-0000015279897100 doesn't match image C:\Users\rui02\unity_project\IVRC\IVRC\Library\ScriptAssemblies\VRM.Samples.Editor.Tests.dll
Symbol file LoadedFromMemory is not a mono symbol file
Symbol file data-0000015279983F50 doesn't match image C:\Users\rui02\unity_project\IVRC\IVRC\Library\ScriptAssemblies\Unity.RenderPipelines.ShaderGraph.ShaderGraphLibrary.dll
Symbol file LoadedFromMemory is not a mono symbol file
Symbol file data-0000015279897100 doesn't match image C:\Users\rui02\unity_project\IVRC\IVRC\Library\ScriptAssemblies\Unity.EditorCoroutines.Editor.dll
Symbol file LoadedFromMemory is not a mono symbol file
Symbol file data-0000015279EFC240 doesn't match image C:\Users\rui02\unity_project\IVRC\IVRC\Library\ScriptAssemblies\FastSpringBone.dll
Symbol file LoadedFromMemory is not a mono symbol file
Symbol file data-0000015279591010 doesn't match image C:\Users\rui02\unity_project\IVRC\IVRC\Library\ScriptAssemblies\Unity.TerrainTools.Editor.dll
Symbol file LoadedFromMemory is not a mono symbol file
Symbol file data-0000015279591010 doesn't match image C:\Users\rui02\unity_project\IVRC\IVRC\Library\ScriptAssemblies\Unity.RenderPipelines.Universal.Runtime.dll
Symbol file LoadedFromMemory is not a mono symbol file
Symbol file data-0000015257483830 doesn't match image C:\Users\rui02\unity_project\IVRC\IVRC\Library\ScriptAssemblies\MToon.dll
Symbol file LoadedFromMemory is not a mono symbol file
Symbol file data-0000015279EFC240 doesn't match image C:\Users\rui02\unity_project\IVRC\IVRC\Library\ScriptAssemblies\UniHumanoid.dll
Symbol file LoadedFromMemory is not a mono symbol file
Symbol file data-00000152795FBE30 doesn't match image C:\Users\rui02\unity_project\IVRC\IVRC\Library\ScriptAssemblies\Unity.Burst.dll
Symbol file LoadedFromMemory is not a mono symbol file
Symbol file data-0000015279F02050 doesn't match image C:\Users\rui02\unity_project\IVRC\IVRC\Library\ScriptAssemblies\UnityEngine.XR.LegacyInputHelpers.dll
Symbol file LoadedFromMemory is not a mono symbol file
Symbol file data-0000015279C32C30 doesn't match image C:\Users\rui02\unity_project\IVRC\IVRC\Library\ScriptAssemblies\UniGLTF.Tests.dll
Symbol file LoadedFromMemory is not a mono symbol file
Symbol file data-0000015279F02050 doesn't match image C:\Users\rui02\unity_project\IVRC\IVRC\Library\ScriptAssemblies\VRMShaders.GLTF.IO.Runtime.dll
Symbol file LoadedFromMemory is not a mono symbol file
Symbol file data-0000015257531030 doesn't match image C:\Users\rui02\unity_project\IVRC\IVRC\Library\ScriptAssemblies\Unity.Timeline.Editor.dll
Symbol file LoadedFromMemory is not a mono symbol file
Symbol file data-0000015257483830 doesn't match image C:\Users\rui02\unity_project\IVRC\IVRC\Library\ScriptAssemblies\Unity.VisualScripting.Shared.Editor.dll
Symbol file LoadedFromMemory is not a mono symbol file
Symbol file data-0000015279983F50 doesn't match image C:\Users\rui02\unity_project\IVRC\IVRC\Library\ScriptAssemblies\Unity.TerrainTools.dll
Symbol file LoadedFromMemory is not a mono symbol file
Symbol file data-00000152575C6840 doesn't match image C:\Users\rui02\unity_project\IVRC\IVRC\Library\ScriptAssemblies\Unity.PlasticSCM.Editor.dll
Symbol file LoadedFromMemory is not a mono symbol file
Symbol file data-00000152575073E0 doesn't match image C:\Users\rui02\unity_project\IVRC\IVRC\Library\ScriptAssemblies\Unity.CollabProxy.Editor.dll
Symbol file LoadedFromMemory is not a mono symbol file
Symbol file data-00000152575073E0 doesn't match image C:\Users\rui02\unity_project\IVRC\IVRC\Library\ScriptAssemblies\UnityEditor.SpatialTracking.dll
Symbol file LoadedFromMemory is not a mono symbol file
Symbol file data-0000015257202E90 doesn't match image C:\Users\rui02\unity_project\IVRC\IVRC\Library\ScriptAssemblies\UniVRM.Editor.dll
Symbol file LoadedFromMemory is not a mono symbol file
Symbol file data-00000152575C6840 doesn't match image C:\Users\rui02\unity_project\IVRC\IVRC\Library\ScriptAssemblies\Unity.ShaderGraph.Editor.dll
Symbol file LoadedFromMemory is not a mono symbol file
Symbol file data-0000015257202E90 doesn't match image C:\Users\rui02\unity_project\IVRC\IVRC\Library\ScriptAssemblies\Unity.VisualStudio.Editor.dll
Symbol file LoadedFromMemory is not a mono symbol file
Symbol file data-0000015257202E90 doesn't match image C:\Users\rui02\unity_project\IVRC\IVRC\Library\ScriptAssemblies\UnityEditor.UI.dll
Symbol file LoadedFromMemory is not a mono symbol file
Symbol file data-0000015257E623F0 doesn't match image C:\Users\rui02\unity_project\IVRC\IVRC\Library\ScriptAssemblies\Unity.VisualScripting.Core.dll
Symbol file LoadedFromMemory is not a mono symbol file
Symbol file data-000001525768E270 doesn't match image C:\Users\rui02\unity_project\IVRC\IVRC\Library\ScriptAssemblies\SteamVR_Input_Editor.dll
Symbol file LoadedFromMemory is not a mono symbol file
Symbol file data-0000015257202E90 doesn't match image C:\Users\rui02\unity_project\IVRC\IVRC\Library\ScriptAssemblies\Unity.VisualScripting.Core.Editor.dll
Symbol file LoadedFromMemory is not a mono symbol file
Symbol file data-0000015257483830 doesn't match image C:\Users\rui02\unity_project\IVRC\IVRC\Library\ScriptAssemblies\UnityEngine.SpatialTracking.dll
Symbol file LoadedFromMemory is not a mono symbol file
Symbol file data-0000015257202E90 doesn't match image C:\Users\rui02\unity_project\IVRC\IVRC\Library\ScriptAssemblies\UnityEngine.UI.dll
Symbol file LoadedFromMemory is not a mono symbol file
Symbol file data-0000015257483830 doesn't match image C:\Users\rui02\unity_project\IVRC\IVRC\Library\ScriptAssemblies\VRMShaders.GLTF.IO.Tests.dll
Symbol file LoadedFromMemory is not a mono symbol file
Symbol file data-000001525768E270 doesn't match image C:\Users\rui02\unity_project\IVRC\IVRC\Library\ScriptAssemblies\UnityEditor.XR.LegacyInputHelpers.dll
Symbol file LoadedFromMemory is not a mono symbol file
Symbol file data-0000015279F9A040 doesn't match image C:\Users\rui02\unity_project\IVRC\IVRC\Library\ScriptAssemblies\SteamVR_Editor.dll
Symbol file LoadedFromMemory is not a mono symbol file
Symbol file data-0000015257255CA0 doesn't match image C:\Users\rui02\unity_project\IVRC\IVRC\Library\ScriptAssemblies\Unity.VisualScripting.Flow.Editor.dll
Symbol file LoadedFromMemory is not a mono symbol file
Symbol file data-0000015279983F50 doesn't match image C:\Users\rui02\unity_project\IVRC\IVRC\Library\ScriptAssemblies\Unity.RenderPipeline.Universal.ShaderLibrary.dll
Symbol file LoadedFromMemory is not a mono symbol file
Symbol file data-0000015257279AB0 doesn't match image C:\Users\rui02\unity_project\IVRC\IVRC\Library\ScriptAssemblies\Unity.Timeline.dll
Symbol file LoadedFromMemory is not a mono symbol file
Symbol file data-0000015257483830 doesn't match image C:\Users\rui02\unity_project\IVRC\IVRC\Library\ScriptAssemblies\Unity.XR.OpenVR.Editor.dll
Symbol file LoadedFromMemory is not a mono symbol file
Symbol file data-000001525729C250 doesn't match image C:\Users\rui02\unity_project\IVRC\IVRC\Library\ScriptAssemblies\VRMShaders.VRM10.MToon10.Runtime.dll
Symbol file LoadedFromMemory is not a mono symbol file
Symbol file data-000001525729C250 doesn't match image C:\Users\rui02\unity_project\IVRC\IVRC\Library\ScriptAssemblies\Unity.VisualScripting.SettingsProvider.Editor.dll
Symbol file LoadedFromMemory is not a mono symbol file
Symbol file data-00000152572A2C60 doesn't match image C:\Users\rui02\unity_project\IVRC\IVRC\Library\ScriptAssemblies\Unity.TestTools.CodeCoverage.Editor.OpenCover.Model.dll
Symbol file LoadedFromMemory is not a mono symbol file
Symbol file data-00000152572A2C60 doesn't match image C:\Users\rui02\unity_project\IVRC\IVRC\Library\ScriptAssemblies\VRMShaders.GLTF.IO.Editor.dll
Symbol file LoadedFromMemory is not a mono symbol file
Symbol file data-0000015257279AB0 doesn't match image C:\Users\rui02\unity_project\IVRC\IVRC\Library\ScriptAssemblies\UnityEngine.TestRunner.dll
Symbol file LoadedFromMemory is not a mono symbol file
Symbol file data-0000015279F9A040 doesn't match image C:\Users\rui02\unity_project\IVRC\IVRC\Library\ScriptAssemblies\Unity.VisualScripting.State.Editor.dll
Symbol file LoadedFromMemory is not a mono symbol file
Symbol file data-000001527B4DFE30 doesn't match image C:\Users\rui02\unity_project\IVRC\IVRC\Library\ScriptAssemblies\Unity.Mathematics.dll
Symbol file LoadedFromMemory is not a mono symbol file
Symbol file data-0000015279983F50 doesn't match image C:\Users\rui02\unity_project\IVRC\IVRC\Library\ScriptAssemblies\Unity.RenderPipelines.Universal.Shaders.dll
Symbol file LoadedFromMemory is not a mono symbol file
Symbol file data-000001527B518840 doesn't match image C:\Users\rui02\unity_project\IVRC\IVRC\Library\ScriptAssemblies\Unity.TextMeshPro.Editor.dll
Symbol file LoadedFromMemory is not a mono symbol file
Symbol file data-0000015257279AB0 doesn't match image C:\Users\rui02\unity_project\IVRC\IVRC\Library\ScriptAssemblies\Unity.Searcher.Editor.dll
Symbol file LoadedFromMemory is not a mono symbol file
Symbol file data-0000015257281AC0 doesn't match image C:\Users\rui02\unity_project\IVRC\IVRC\Library\ScriptAssemblies\Unity.VisualScripting.State.dll
Symbol file LoadedFromMemory is not a mono symbol file
Symbol file data-00000152573A9AB0 doesn't match image C:\Users\rui02\unity_project\IVRC\IVRC\Library\ScriptAssemblies\Unity.ShaderGraph.Utilities.dll
Symbol file LoadedFromMemory is not a mono symbol file
Symbol file data-000001527B590780 doesn't match image C:\Users\rui02\unity_project\IVRC\IVRC\Library\ScriptAssemblies\Unity.RenderPipelines.HighDefinition.Runtime.dll
Symbol file LoadedFromMemory is not a mono symbol file
Symbol file data-000001527B590780 doesn't match image C:\Users\rui02\unity_project\IVRC\IVRC\Library\ScriptAssemblies\VRM.Tests.dll
Symbol file LoadedFromMemory is not a mono symbol file
- Loaded All Assemblies, in  2.893 seconds
Refreshing native plugins compatible for Editor in 15.71 ms, found 6 plugins.
Native extension for WindowsStandalone target not found
Native extension for WebGL target not found
Package Manager log level set to [2]
[Package Manager] Server::EnsureServerProcessIsRunning -- launch failed, reason: Unity was launched with the -noUpm command-line argument
[Package Manager] UpmClient::Send -- Unable to send message (not connected to UPM process).
[Package Manager] Cannot connect to Unity Package Manager local server
[Package Manager] Server::EnsureServerProcessIsRunning -- launch failed, reason: Unity was launched with the -noUpm command-line argument
[Package Manager] UpmClient::Send -- Unable to send message (not connected to UPM process).
[Package Manager] Cannot connect to Unity Package Manager local server
Mono: successfully reloaded assembly
[Package Manager] Server::EnsureServerProcessIsRunning -- launch failed, reason: Unity was launched with the -noUpm command-line argument
[Package Manager] UpmClient::Send -- Unable to send message (not connected to UPM process).
[Package Manager] Cannot connect to Unity Package Manager local server
[Package Manager] Server::EnsureServerProcessIsRunning -- launch failed, reason: Unity was launched with the -noUpm command-line argument
[Package Manager] UpmClient::Send -- Unable to send message (not connected to UPM process).
[Package Manager] Cannot connect to Unity Package Manager local server
- Finished resetting the current domain, in  0.902 seconds
Domain Reload Profiling: 3796ms
	BeginReloadAssembly (200ms)
		ExecutionOrderSort (0ms)
		DisableScriptedObjects (5ms)
		BackupInstance (0ms)
		ReleaseScriptingObjects (0ms)
		CreateAndSetChildDomain (21ms)
	RebuildCommonClasses (27ms)
	RebuildNativeTypeToScriptingClass (8ms)
	initialDomainReloadingComplete (33ms)
	LoadAllAssembliesAndSetupDomain (2624ms)
		LoadAssemblies (2406ms)
		RebuildTransferFunctionScriptingTraits (0ms)
		AnalyzeDomain (348ms)
			TypeCache.Refresh (278ms)
				TypeCache.ScanAssembly (252ms)
			ScanForSourceGeneratedMonoScriptInfo (49ms)
			ResolveRequiredComponents (19ms)
	FinalizeReload (903ms)
		ReleaseScriptCaches (0ms)
		RebuildScriptCaches (0ms)
		SetupLoadedEditorAssemblies (697ms)
			LogAssemblyErrors (0ms)
			InitializePlatformSupportModulesInManaged (5ms)
			SetLoadedEditorAssemblies (5ms)
			RefreshPlugins (0ms)
			BeforeProcessingInitializeOnLoad (81ms)
			ProcessInitializeOnLoadAttributes (548ms)
			ProcessInitializeOnLoadMethodAttributes (52ms)
			AfterProcessingInitializeOnLoad (6ms)
			EditorAssembliesLoaded (0ms)
		ExecutionOrderSort2 (0ms)
		AwakeInstancesAfterBackupRestoration (6ms)
Launched and connected shader compiler UnityShaderCompiler.exe after 0.05 seconds
Refreshing native plugins compatible for Editor in 8.80 ms, found 6 plugins.
Preloading 0 native plugins for Editor in 0.00 ms.
Unloading 8135 Unused Serialized files (Serialized files now loaded: 0)
Unloading 263 unused Assets / (14.9 MB). Loaded Objects now: 8508.
Memory consumption went from 360.7 MB to 345.8 MB.
Total: 6.752500 ms (FindLiveObjects: 0.537000 ms CreateObjectMapping: 0.417100 ms MarkObjects: 3.441400 ms  DeleteObjects: 2.356300 ms)

AssetImportParameters requested are different than current active one (requested -> active):
  custom:container-demuxer-ogg: 62fdf1f143b41e24485cea50d1cbac27 -> 
  custom:framework-win-MediaFoundation: 216162199b28c13a410421893ffa2e32 -> 
  custom:container-muxer-webm: aa71ff27fc2769a1b78a27578f13a17b -> 
  custom:video-decoder-webm-vp8: 9c59270c3fd7afecdb556c50c9e8de78 -> 
  custom:SearchIndexIgnoredProperties: e643bd26f0fe6173181afceb89e7c659 -> 
  custom:AudioImporter_EditorPlatform: d09bf68614088b80899f8185d706f6e7 -> 
  custom:audio-decoder-ogg-vorbis: bf7c407c2cedff20999df2af8eb42d56 -> 
  custom:audio-encoder-webm-vorbis: bf7c407c2cedff20999df2af8eb42d56 -> 
  custom:scripting/precompiled-assembly-types:Assembly-CSharp: 5a1dcd9bb4c477b56985d960aabee950 -> 5e769159bfb7e9eb0889dc279d147f4d
  custom:video-codec-MediaFoundation-h265: 746d11721c4dcdbdad8f713fa42b33f4 -> 
  custom:video-decoder-ogg-theora: a1e56fd34408186e4bbccfd4996cb3dc -> 
  custom:CustomObjectIndexerAttribute: a3ef5dd2817f97addfee359851a9dba5 -> 
  custom:container-demuxer-webm: 4f35f7cbe854078d1ac9338744f61a02 -> 
  custom:video-encoder-webm-vp8: eb34c28f22e8b96e1ab97ce403110664 -> 
  custom:scripting/monoscript/fileName/GVSConnect.cs:  -> 093dbc0921c995df2356e928d677f513
========================================================================
Received Prepare
Begin MonoManager ReloadAssembly
Symbol file data-000001527ADAF010 doesn't match image C:\Users\rui02\unity_project\IVRC\IVRC\Library\ScriptAssemblies\UniHumanoid.Editor.dll
Symbol file LoadedFromMemory is not a mono symbol file
Symbol file data-0000015285D00030 doesn't match image C:\Users\rui02\unity_project\IVRC\IVRC\Library\ScriptAssemblies\Unity.XR.Management.dll
Symbol file LoadedFromMemory is not a mono symbol file
Symbol file data-0000015285D00030 doesn't match image C:\Users\rui02\unity_project\IVRC\IVRC\Library\ScriptAssemblies\UniHumanoid.Editor.Tests.dll
Symbol file LoadedFromMemory is not a mono symbol file
Symbol file data-000001527AEFF010 doesn't match image C:\Users\rui02\unity_project\IVRC\IVRC\Library\ScriptAssemblies\Unity.VisualEffectGraph.Runtime.dll
Symbol file LoadedFromMemory is not a mono symbol file
Symbol file data-000001528B3A81E0 doesn't match image C:\Users\rui02\unity_project\IVRC\IVRC\Library\ScriptAssemblies\Unity.RenderPipelines.Core.Runtime.dll
Symbol file LoadedFromMemory is not a mono symbol file
Symbol file data-0000015285135010 doesn't match image C:\Users\rui02\unity_project\IVRC\IVRC\Library\ScriptAssemblies\Unity.Burst.Editor.dll
Symbol file LoadedFromMemory is not a mono symbol file
Symbol file data-0000015279988360 doesn't match image C:\Users\rui02\unity_project\IVRC\IVRC\Library\ScriptAssemblies\SteamVR.dll
Symbol file LoadedFromMemory is not a mono symbol file
Symbol file data-0000015285D00030 doesn't match image C:\Users\rui02\unity_project\IVRC\IVRC\Library\ScriptAssemblies\VRMShaders.GLTF.UniUnlit.Runtime.dll
Symbol file LoadedFromMemory is not a mono symbol file
Symbol file data-0000015285D00030 doesn't match image C:\Users\rui02\unity_project\IVRC\IVRC\Library\ScriptAssemblies\SteamVR_Windows_EditorHelper.dll
Symbol file LoadedFromMemory is not a mono symbol file
Symbol file data-000001527AFF6020 doesn't match image C:\Users\rui02\unity_project\IVRC\IVRC\Library\ScriptAssemblies\UniGLTF.dll
Symbol file LoadedFromMemory is not a mono symbol file
Symbol file data-0000015257C528A0 doesn't match image C:\Users\rui02\unity_project\IVRC\IVRC\Library\ScriptAssemblies\Unity.Rider.Editor.dll
Symbol file LoadedFromMemory is not a mono symbol file
Symbol file data-000001528514AA20 doesn't match image C:\Users\rui02\unity_project\IVRC\IVRC\Library\ScriptAssemblies\VRMShaders.VRM10.MToon10.Tests.dll
Symbol file LoadedFromMemory is not a mono symbol file
Symbol file data-0000015279E80010 doesn't match image C:\Users\rui02\unity_project\IVRC\IVRC\Library\ScriptAssemblies\Unity.RenderPipelines.Core.Editor.dll
Symbol file LoadedFromMemory is not a mono symbol file
Symbol file data-0000015282A78010 doesn't match image C:\Users\rui02\unity_project\IVRC\IVRC\Library\ScriptAssemblies\Unity.VisualEffectGraph.Editor.dll
Symbol file LoadedFromMemory is not a mono symbol file
Symbol file data-0000015285D63010 doesn't match image C:\Users\rui02\unity_project\IVRC\IVRC\Library\ScriptAssemblies\UnityEditor.TestRunner.dll
Symbol file LoadedFromMemory is not a mono symbol file
Symbol file data-000001528B289000 doesn't match image C:\Users\rui02\unity_project\IVRC\IVRC\Library\ScriptAssemblies\Unity.VisualScripting.Flow.dll
Symbol file LoadedFromMemory is not a mono symbol file
Symbol file data-0000015285D00030 doesn't match image C:\Users\rui02\unity_project\IVRC\IVRC\Library\ScriptAssemblies\Unity.Mathematics.Editor.dll
Symbol file LoadedFromMemory is not a mono symbol file
Symbol file data-0000015285D00030 doesn't match image C:\Users\rui02\unity_project\IVRC\IVRC\Library\ScriptAssemblies\Unity.TestTools.CodeCoverage.Editor.OpenCover.Mono.Reflection.dll
Symbol file LoadedFromMemory is not a mono symbol file
Symbol file data-0000015285D00030 doesn't match image C:\Users\rui02\unity_project\IVRC\IVRC\Library\ScriptAssemblies\VRMShaders.VRM10.MToon10.Editor.dll
Symbol file LoadedFromMemory is not a mono symbol file
Symbol file data-000001528514AA20 doesn't match image C:\Users\rui02\unity_project\IVRC\IVRC\Library\ScriptAssemblies\UniGLTF.Utils.dll
Symbol file LoadedFromMemory is not a mono symbol file
Symbol file data-000001528514AA20 doesn't match image C:\Users\rui02\unity_project\IVRC\IVRC\Library\ScriptAssemblies\Unity.RenderPipelines.HighDefinition.Config.Runtime.dll
Symbol file LoadedFromMemory is not a mono symbol file
Symbol file data-0000015285D00030 doesn't match image C:\Users\rui02\unity_project\IVRC\IVRC\Library\ScriptAssemblies\MToon.Editor.dll
Symbol file LoadedFromMemory is not a mono symbol file
Symbol file data-0000015285D63010 doesn't match image C:\Users\rui02\unity_project\IVRC\IVRC\Library\ScriptAssemblies\Unity.Performance.Profile-Analyzer.Editor.dll
Symbol file LoadedFromMemory is not a mono symbol file
Symbol file data-0000015285D00030 doesn't match image C:\Users\rui02\unity_project\IVRC\IVRC\Library\ScriptAssemblies\Unity.RenderPipelines.Core.ShaderLibrary.dll
Symbol file LoadedFromMemory is not a mono symbol file
Symbol file data-000001527AEFF010 doesn't match image C:\Users\rui02\unity_project\IVRC\IVRC\Library\ScriptAssemblies\Unity.XR.Management.Editor.dll
Symbol file LoadedFromMemory is not a mono symbol file
Symbol file data-0000015285D00030 doesn't match image C:\Users\rui02\unity_project\IVRC\IVRC\Library\ScriptAssemblies\VRMShaders.VRM.IO.Runtime.dll
Symbol file LoadedFromMemory is not a mono symbol file
Symbol file data-000001527AEFF010 doesn't match image C:\Users\rui02\unity_project\IVRC\IVRC\Library\ScriptAssemblies\Unity.TestTools.CodeCoverage.Editor.dll
Symbol file LoadedFromMemory is not a mono symbol file
Symbol file data-0000015285C08430 doesn't match image C:\Users\rui02\unity_project\IVRC\IVRC\Library\ScriptAssemblies\VRM.dll
Symbol file LoadedFromMemory is not a mono symbol file
Symbol file data-0000015285D00030 doesn't match image C:\Users\rui02\unity_project\IVRC\IVRC\Library\ScriptAssemblies\VRMShaders.GLTF.UniUnlit.Editor.dll
Symbol file LoadedFromMemory is not a mono symbol file
Symbol file data-0000015285D00030 doesn't match image C:\Users\rui02\unity_project\IVRC\IVRC\Library\ScriptAssemblies\PPv2URPConverters.dll
Symbol file LoadedFromMemory is not a mono symbol file
Symbol file data-000001527AEFF010 doesn't match image C:\Users\rui02\unity_project\IVRC\IVRC\Library\ScriptAssemblies\Unity.XR.OpenVR.dll
Symbol file LoadedFromMemory is not a mono symbol file
Symbol file data-0000015284F8DC70 doesn't match image C:\Users\rui02\unity_project\IVRC\IVRC\Library\ScriptAssemblies\Unity.Settings.Editor.dll
Symbol file LoadedFromMemory is not a mono symbol file
Symbol file data-000001528B289000 doesn't match image C:\Users\rui02\unity_project\IVRC\IVRC\Library\ScriptAssemblies\Unity.TextMeshPro.dll
Symbol file LoadedFromMemory is not a mono symbol file
Symbol file data-0000015285D00030 doesn't match image C:\Users\rui02\unity_project\IVRC\IVRC\Library\ScriptAssemblies\VRMShaders.VRM10.Format.Runtime.dll
Symbol file LoadedFromMemory is not a mono symbol file
Symbol file data-0000015279EB7620 doesn't match image C:\Users\rui02\unity_project\IVRC\IVRC\Library\ScriptAssemblies\Unity.Burst.CodeGen.dll
Symbol file LoadedFromMemory is not a mono symbol file
Symbol file data-0000015284F8DC70 doesn't match image C:\Users\rui02\unity_project\IVRC\IVRC\Library\ScriptAssemblies\Unity.VSCode.Editor.dll
Symbol file LoadedFromMemory is not a mono symbol file
Symbol file data-000001528B36F750 doesn't match image C:\Users\rui02\unity_project\IVRC\IVRC\Library\ScriptAssemblies\UniGLTF.Editor.dll
Symbol file LoadedFromMemory is not a mono symbol file
Symbol file data-00000152851BD2C0 doesn't match image C:\Users\rui02\unity_project\IVRC\IVRC\Library\ScriptAssemblies\Unity.RenderPipelines.Universal.Editor.dll
Symbol file LoadedFromMemory is not a mono symbol file
Symbol file data-00000152836F2010 doesn't match image C:\Users\rui02\unity_project\IVRC\IVRC\Library\ScriptAssemblies\Unity.RenderPipelines.HighDefinition.Editor.dll
Symbol file LoadedFromMemory is not a mono symbol file
Symbol file data-0000015285D00030 doesn't match image C:\Users\rui02\unity_project\IVRC\IVRC\Library\ScriptAssemblies\VRM.Samples.Editor.Tests.dll
Symbol file LoadedFromMemory is not a mono symbol file
Symbol file data-0000015285D00030 doesn't match image C:\Users\rui02\unity_project\IVRC\IVRC\Library\ScriptAssemblies\Unity.RenderPipelines.ShaderGraph.ShaderGraphLibrary.dll
Symbol file LoadedFromMemory is not a mono symbol file
Symbol file data-0000015285D00030 doesn't match image C:\Users\rui02\unity_project\IVRC\IVRC\Library\ScriptAssemblies\Unity.EditorCoroutines.Editor.dll
Symbol file LoadedFromMemory is not a mono symbol file
Symbol file data-0000015282D78030 doesn't match image C:\Users\rui02\unity_project\IVRC\IVRC\Library\ScriptAssemblies\FastSpringBone.dll
Symbol file LoadedFromMemory is not a mono symbol file
Symbol file data-0000015279988360 doesn't match image C:\Users\rui02\unity_project\IVRC\IVRC\Library\ScriptAssemblies\Unity.TerrainTools.Editor.dll
Symbol file LoadedFromMemory is not a mono symbol file
Symbol file data-0000015279938730 doesn't match image C:\Users\rui02\unity_project\IVRC\IVRC\Library\ScriptAssemblies\Unity.RenderPipelines.Universal.Runtime.dll
Symbol file LoadedFromMemory is not a mono symbol file
Symbol file data-0000015282D78030 doesn't match image C:\Users\rui02\unity_project\IVRC\IVRC\Library\ScriptAssemblies\MToon.dll
Symbol file LoadedFromMemory is not a mono symbol file
Symbol file data-0000015257C528A0 doesn't match image C:\Users\rui02\unity_project\IVRC\IVRC\Library\ScriptAssemblies\UniHumanoid.dll
Symbol file LoadedFromMemory is not a mono symbol file
Symbol file data-0000015279988360 doesn't match image C:\Users\rui02\unity_project\IVRC\IVRC\Library\ScriptAssemblies\Unity.Burst.dll
Symbol file LoadedFromMemory is not a mono symbol file
Symbol file data-000001527ADF5DD0 doesn't match image C:\Users\rui02\unity_project\IVRC\IVRC\Library\ScriptAssemblies\UnityEngine.XR.LegacyInputHelpers.dll
Symbol file LoadedFromMemory is not a mono symbol file
Symbol file data-0000015257BBAA70 doesn't match image C:\Users\rui02\unity_project\IVRC\IVRC\Library\ScriptAssemblies\UniGLTF.Tests.dll
Symbol file LoadedFromMemory is not a mono symbol file
Symbol file data-000001527ADF5DD0 doesn't match image C:\Users\rui02\unity_project\IVRC\IVRC\Library\ScriptAssemblies\VRMShaders.GLTF.IO.Runtime.dll
Symbol file LoadedFromMemory is not a mono symbol file
Symbol file data-000001527AE05DF0 doesn't match image C:\Users\rui02\unity_project\IVRC\IVRC\Library\ScriptAssemblies\Unity.Timeline.Editor.dll
Symbol file LoadedFromMemory is not a mono symbol file
Symbol file data-000001527ADF5DD0 doesn't match image C:\Users\rui02\unity_project\IVRC\IVRC\Library\ScriptAssemblies\Unity.VisualScripting.Shared.Editor.dll
Symbol file LoadedFromMemory is not a mono symbol file
Symbol file data-000001527ADF5DD0 doesn't match image C:\Users\rui02\unity_project\IVRC\IVRC\Library\ScriptAssemblies\Unity.TerrainTools.dll
Symbol file LoadedFromMemory is not a mono symbol file
Symbol file data-00000152851BD2C0 doesn't match image C:\Users\rui02\unity_project\IVRC\IVRC\Library\ScriptAssemblies\Unity.PlasticSCM.Editor.dll
Symbol file LoadedFromMemory is not a mono symbol file
Symbol file data-000001527ADF5DD0 doesn't match image C:\Users\rui02\unity_project\IVRC\IVRC\Library\ScriptAssemblies\Unity.CollabProxy.Editor.dll
Symbol file LoadedFromMemory is not a mono symbol file
Symbol file data-000001527ADF5DD0 doesn't match image C:\Users\rui02\unity_project\IVRC\IVRC\Library\ScriptAssemblies\UnityEditor.SpatialTracking.dll
Symbol file LoadedFromMemory is not a mono symbol file
Symbol file data-0000015282B0D820 doesn't match image C:\Users\rui02\unity_project\IVRC\IVRC\Library\ScriptAssemblies\UniVRM.Editor.dll
Symbol file LoadedFromMemory is not a mono symbol file
Symbol file data-0000015279F1E010 doesn't match image C:\Users\rui02\unity_project\IVRC\IVRC\Library\ScriptAssemblies\Unity.ShaderGraph.Editor.dll
Symbol file LoadedFromMemory is not a mono symbol file
Symbol file data-0000015282B0D820 doesn't match image C:\Users\rui02\unity_project\IVRC\IVRC\Library\ScriptAssemblies\Unity.VisualStudio.Editor.dll
Symbol file LoadedFromMemory is not a mono symbol file
Symbol file data-0000015282B0D820 doesn't match image C:\Users\rui02\unity_project\IVRC\IVRC\Library\ScriptAssemblies\UnityEditor.UI.dll
Symbol file LoadedFromMemory is not a mono symbol file
Symbol file data-000001528536D030 doesn't match image C:\Users\rui02\unity_project\IVRC\IVRC\Library\ScriptAssemblies\Unity.VisualScripting.Core.dll
Symbol file LoadedFromMemory is not a mono symbol file
Symbol file data-0000015282B0D820 doesn't match image C:\Users\rui02\unity_project\IVRC\IVRC\Library\ScriptAssemblies\SteamVR_Input_Editor.dll
Symbol file LoadedFromMemory is not a mono symbol file
Symbol file data-000001528529F010 doesn't match image C:\Users\rui02\unity_project\IVRC\IVRC\Library\ScriptAssemblies\Unity.VisualScripting.Core.Editor.dll
Symbol file LoadedFromMemory is not a mono symbol file
Symbol file data-0000015257284E30 doesn't match image C:\Users\rui02\unity_project\IVRC\IVRC\Library\ScriptAssemblies\UnityEngine.SpatialTracking.dll
Symbol file LoadedFromMemory is not a mono symbol file
Symbol file data-000001528536D030 doesn't match image C:\Users\rui02\unity_project\IVRC\IVRC\Library\ScriptAssemblies\UnityEngine.UI.dll
Symbol file LoadedFromMemory is not a mono symbol file
Symbol file data-0000015257284E30 doesn't match image C:\Users\rui02\unity_project\IVRC\IVRC\Library\ScriptAssemblies\VRMShaders.GLTF.IO.Tests.dll
Symbol file LoadedFromMemory is not a mono symbol file
Symbol file data-0000015257284E30 doesn't match image C:\Users\rui02\unity_project\IVRC\IVRC\Library\ScriptAssemblies\UnityEditor.XR.LegacyInputHelpers.dll
Symbol file LoadedFromMemory is not a mono symbol file
Symbol file data-0000015257284E30 doesn't match image C:\Users\rui02\unity_project\IVRC\IVRC\Library\ScriptAssemblies\SteamVR_Editor.dll
Symbol file LoadedFromMemory is not a mono symbol file
Symbol file data-000001528536D030 doesn't match image C:\Users\rui02\unity_project\IVRC\IVRC\Library\ScriptAssemblies\Unity.VisualScripting.Flow.Editor.dll
Symbol file LoadedFromMemory is not a mono symbol file
Symbol file data-0000015257284E30 doesn't match image C:\Users\rui02\unity_project\IVRC\IVRC\Library\ScriptAssemblies\Unity.RenderPipeline.Universal.ShaderLibrary.dll
Symbol file LoadedFromMemory is not a mono symbol file
Symbol file data-000001528265B4E0 doesn't match image C:\Users\rui02\unity_project\IVRC\IVRC\Library\ScriptAssemblies\Unity.Timeline.dll
Symbol file LoadedFromMemory is not a mono symbol file
Symbol file data-0000015257284E30 doesn't match image C:\Users\rui02\unity_project\IVRC\IVRC\Library\ScriptAssemblies\Unity.XR.OpenVR.Editor.dll
Symbol file LoadedFromMemory is not a mono symbol file
Symbol file data-0000015279691010 doesn't match image C:\Users\rui02\unity_project\IVRC\IVRC\Library\ScriptAssemblies\VRMShaders.VRM10.MToon10.Runtime.dll
Symbol file LoadedFromMemory is not a mono symbol file
Symbol file data-0000015285620010 doesn't match image C:\Users\rui02\unity_project\IVRC\IVRC\Library\ScriptAssemblies\Unity.VisualScripting.SettingsProvider.Editor.dll
Symbol file LoadedFromMemory is not a mono symbol file
Symbol file data-00000152850EB010 doesn't match image C:\Users\rui02\unity_project\IVRC\IVRC\Library\ScriptAssemblies\Unity.TestTools.CodeCoverage.Editor.OpenCover.Model.dll
Symbol file LoadedFromMemory is not a mono symbol file
Symbol file data-00000152850EB010 doesn't match image C:\Users\rui02\unity_project\IVRC\IVRC\Library\ScriptAssemblies\VRMShaders.GLTF.IO.Editor.dll
Symbol file LoadedFromMemory is not a mono symbol file
Symbol file data-0000015283A6CE40 doesn't match image C:\Users\rui02\unity_project\IVRC\IVRC\Library\ScriptAssemblies\UnityEngine.TestRunner.dll
Symbol file LoadedFromMemory is not a mono symbol file
Symbol file data-0000015282B0D820 doesn't match image C:\Users\rui02\unity_project\IVRC\IVRC\Library\ScriptAssemblies\Unity.VisualScripting.State.Editor.dll
Symbol file LoadedFromMemory is not a mono symbol file
Symbol file data-000001527AE05DF0 doesn't match image C:\Users\rui02\unity_project\IVRC\IVRC\Library\ScriptAssemblies\Unity.Mathematics.dll
Symbol file LoadedFromMemory is not a mono symbol file
Symbol file data-00000152853A9650 doesn't match image C:\Users\rui02\unity_project\IVRC\IVRC\Library\ScriptAssemblies\Unity.RenderPipelines.Universal.Shaders.dll
Symbol file LoadedFromMemory is not a mono symbol file
Symbol file data-000001528265B4E0 doesn't match image C:\Users\rui02\unity_project\IVRC\IVRC\Library\ScriptAssemblies\Unity.TextMeshPro.Editor.dll
Symbol file LoadedFromMemory is not a mono symbol file
Symbol file data-00000152850EB010 doesn't match image C:\Users\rui02\unity_project\IVRC\IVRC\Library\ScriptAssemblies\Unity.Searcher.Editor.dll
Symbol file LoadedFromMemory is not a mono symbol file
Symbol file data-000001527ABFC420 doesn't match image C:\Users\rui02\unity_project\IVRC\IVRC\Library\ScriptAssemblies\Unity.VisualScripting.State.dll
Symbol file LoadedFromMemory is not a mono symbol file
Symbol file data-00000152853A9650 doesn't match image C:\Users\rui02\unity_project\IVRC\IVRC\Library\ScriptAssemblies\Unity.ShaderGraph.Utilities.dll
Symbol file LoadedFromMemory is not a mono symbol file
Symbol file data-000001527B623010 doesn't match image C:\Users\rui02\unity_project\IVRC\IVRC\Library\ScriptAssemblies\Unity.RenderPipelines.HighDefinition.Runtime.dll
Symbol file LoadedFromMemory is not a mono symbol file
Symbol file data-000001527ABFC420 doesn't match image C:\Users\rui02\unity_project\IVRC\IVRC\Library\ScriptAssemblies\VRM.Tests.dll
Symbol file LoadedFromMemory is not a mono symbol file
- Loaded All Assemblies, in  0.737 seconds
Refreshing native plugins compatible for Editor in 5.30 ms, found 6 plugins.
Native extension for WindowsStandalone target not found
Native extension for WebGL target not found
[Package Manager] Server::EnsureServerProcessIsRunning -- launch failed, reason: Unity was launched with the -noUpm command-line argument
[Package Manager] UpmClient::Send -- Unable to send message (not connected to UPM process).
[Package Manager] Cannot connect to Unity Package Manager local server
[Package Manager] Server::EnsureServerProcessIsRunning -- launch failed, reason: Unity was launched with the -noUpm command-line argument
[Package Manager] UpmClient::Send -- Unable to send message (not connected to UPM process).
[Package Manager] Cannot connect to Unity Package Manager local server
Mono: successfully reloaded assembly
[Package Manager] Server::EnsureServerProcessIsRunning -- launch failed, reason: Unity was launched with the -noUpm command-line argument
[Package Manager] UpmClient::Send -- Unable to send message (not connected to UPM process).
[Package Manager] Cannot connect to Unity Package Manager local server
- Finished resetting the current domain, in  2.043 seconds
Domain Reload Profiling: 2778ms
	BeginReloadAssembly (187ms)
		ExecutionOrderSort (0ms)
		DisableScriptedObjects (3ms)
		BackupInstance (0ms)
		ReleaseScriptingObjects (0ms)
		CreateAndSetChildDomain (41ms)
	RebuildCommonClasses (28ms)
	RebuildNativeTypeToScriptingClass (9ms)
	initialDomainReloadingComplete (28ms)
	LoadAllAssembliesAndSetupDomain (481ms)
		LoadAssemblies (569ms)
		RebuildTransferFunctionScriptingTraits (0ms)
		AnalyzeDomain (25ms)
			TypeCache.Refresh (9ms)
				TypeCache.ScanAssembly (0ms)
			ScanForSourceGeneratedMonoScriptInfo (0ms)
			ResolveRequiredComponents (14ms)
	FinalizeReload (2044ms)
		ReleaseScriptCaches (0ms)
		RebuildScriptCaches (0ms)
		SetupLoadedEditorAssemblies (487ms)
			LogAssemblyErrors (0ms)
			InitializePlatformSupportModulesInManaged (5ms)
			SetLoadedEditorAssemblies (4ms)
			RefreshPlugins (0ms)
			BeforeProcessingInitializeOnLoad (78ms)
			ProcessInitializeOnLoadAttributes (375ms)
			ProcessInitializeOnLoadMethodAttributes (22ms)
			AfterProcessingInitializeOnLoad (4ms)
			EditorAssembliesLoaded (0ms)
		ExecutionOrderSort2 (0ms)
		AwakeInstancesAfterBackupRestoration (5ms)
Refreshing native plugins compatible for Editor in 4.33 ms, found 6 plugins.
Preloading 0 native plugins for Editor in 0.00 ms.
Unloading 7868 Unused Serialized files (Serialized files now loaded: 0)
Unloading 200 unused Assets / (14.8 MB). Loaded Objects now: 8524.
Memory consumption went from 300.2 MB to 285.4 MB.
Total: 8.255100 ms (FindLiveObjects: 0.586400 ms CreateObjectMapping: 0.571700 ms MarkObjects: 3.664600 ms  DeleteObjects: 3.431100 ms)

Prepare: number of updated asset objects reloaded= 0
AssetImportParameters requested are different than current active one (requested -> active):
  custom:container-demuxer-ogg: 62fdf1f143b41e24485cea50d1cbac27 -> 
  custom:framework-win-MediaFoundation: 216162199b28c13a410421893ffa2e32 -> 
  custom:container-muxer-webm: aa71ff27fc2769a1b78a27578f13a17b -> 
  custom:video-decoder-webm-vp8: 9c59270c3fd7afecdb556c50c9e8de78 -> 
  custom:SearchIndexIgnoredProperties: e643bd26f0fe6173181afceb89e7c659 -> 
  custom:AudioImporter_EditorPlatform: d09bf68614088b80899f8185d706f6e7 -> 
  custom:audio-decoder-ogg-vorbis: bf7c407c2cedff20999df2af8eb42d56 -> 
  custom:audio-encoder-webm-vorbis: bf7c407c2cedff20999df2af8eb42d56 -> 
  custom:video-codec-MediaFoundation-h265: 746d11721c4dcdbdad8f713fa42b33f4 -> 
  custom:video-decoder-ogg-theora: a1e56fd34408186e4bbccfd4996cb3dc -> 
  custom:CustomObjectIndexerAttribute: a3ef5dd2817f97addfee359851a9dba5 -> 
  custom:container-demuxer-webm: 4f35f7cbe854078d1ac9338744f61a02 -> 
  custom:video-encoder-webm-vp8: eb34c28f22e8b96e1ab97ce403110664 -> 
========================================================================
Received Import Request.
  Time since last request: 593438.458966 seconds.
  path: Assets/Scripts/GVSConnect.cs
  artifactKey: Guid(76f8996fa1ee5ab48a8188aebf1b2d39) Importer(815301076,1909f56bfc062723c751e8b465ee728b)
Start importing Assets/Scripts/GVSConnect.cs using Guid(76f8996fa1ee5ab48a8188aebf1b2d39) Importer(815301076,1909f56bfc062723c751e8b465ee728b)  -> (artifact id: '00000000000000000000000000000000') in 0.002086 seconds
Import Error Code:(4)
Message: Build asset version error: assets/scripts/gvsconnect.cs in SourceAssetDB has modification time of '2024-10-28T05:44:42.633825Z' while content on disk has modification time of '2024-10-28T05:45:34.2253999Z'
  ERROR: Build asset version error: assets/scripts/gvsconnect.cs in SourceAssetDB has modification time of '2024-10-28T05:44:42.633825Z' while content on disk has modification time of '2024-10-28T05:45:34.2253999Z'
Number of updated asset objects reloaded before import = 0
Number of asset objects unloaded after import = 0
========================================================================
Received Prepare
Begin MonoManager ReloadAssembly
- Loaded All Assemblies, in  0.655 seconds
Refreshing native plugins compatible for Editor in 3.57 ms, found 6 plugins.
Native extension for WindowsStandalone target not found
Native extension for WebGL target not found
[Package Manager] Server::EnsureServerProcessIsRunning -- launch failed, reason: Unity was launched with the -noUpm command-line argument
[Package Manager] UpmClient::Send -- Unable to send message (not connected to UPM process).
[Package Manager] Cannot connect to Unity Package Manager local server
[Package Manager] Server::EnsureServerProcessIsRunning -- launch failed, reason: Unity was launched with the -noUpm command-line argument
[Package Manager] UpmClient::Send -- Unable to send message (not connected to UPM process).
[Package Manager] Cannot connect to Unity Package Manager local server
Mono: successfully reloaded assembly
[Package Manager] Server::EnsureServerProcessIsRunning -- launch failed, reason: Unity was launched with the -noUpm command-line argument
[Package Manager] UpmClient::Send -- Unable to send message (not connected to UPM process).
[Package Manager] Cannot connect to Unity Package Manager local server
- Finished resetting the current domain, in  7.405 seconds
Domain Reload Profiling: 8057ms
	BeginReloadAssembly (126ms)
		ExecutionOrderSort (0ms)
		DisableScriptedObjects (4ms)
		BackupInstance (0ms)
		ReleaseScriptingObjects (0ms)
		CreateAndSetChildDomain (37ms)
	RebuildCommonClasses (25ms)
	RebuildNativeTypeToScriptingClass (8ms)
	initialDomainReloadingComplete (23ms)
	LoadAllAssembliesAndSetupDomain (470ms)
		LoadAssemblies (372ms)
		RebuildTransferFunctionScriptingTraits (0ms)
		AnalyzeDomain (157ms)
			TypeCache.Refresh (123ms)
				TypeCache.ScanAssembly (110ms)
			ScanForSourceGeneratedMonoScriptInfo (23ms)
			ResolveRequiredComponents (10ms)
	FinalizeReload (7405ms)
		ReleaseScriptCaches (0ms)
		RebuildScriptCaches (0ms)
		SetupLoadedEditorAssemblies (405ms)
			LogAssemblyErrors (0ms)
			InitializePlatformSupportModulesInManaged (7ms)
			SetLoadedEditorAssemblies (5ms)
			RefreshPlugins (0ms)
			BeforeProcessingInitializeOnLoad (71ms)
			ProcessInitializeOnLoadAttributes (301ms)
			ProcessInitializeOnLoadMethodAttributes (18ms)
			AfterProcessingInitializeOnLoad (3ms)
			EditorAssembliesLoaded (0ms)
		ExecutionOrderSort2 (0ms)
		AwakeInstancesAfterBackupRestoration (4ms)
Refreshing native plugins compatible for Editor in 6.12 ms, found 6 plugins.
Preloading 0 native plugins for Editor in 0.00 ms.
Unloading 7867 Unused Serialized files (Serialized files now loaded: 0)
Unloading 200 unused Assets / (14.8 MB). Loaded Objects now: 8540.
Memory consumption went from 300.1 MB to 285.3 MB.
Total: 5.621000 ms (FindLiveObjects: 0.411000 ms CreateObjectMapping: 0.342000 ms MarkObjects: 2.707900 ms  DeleteObjects: 2.159200 ms)

Prepare: number of updated asset objects reloaded= 0
AssetImportParameters requested are different than current active one (requested -> active):
  custom:container-demuxer-ogg: 62fdf1f143b41e24485cea50d1cbac27 -> 
  custom:framework-win-MediaFoundation: 216162199b28c13a410421893ffa2e32 -> 
  custom:container-muxer-webm: aa71ff27fc2769a1b78a27578f13a17b -> 
  custom:video-decoder-webm-vp8: 9c59270c3fd7afecdb556c50c9e8de78 -> 
  custom:SearchIndexIgnoredProperties: e643bd26f0fe6173181afceb89e7c659 -> 
  custom:AudioImporter_EditorPlatform: d09bf68614088b80899f8185d706f6e7 -> 
  custom:audio-decoder-ogg-vorbis: bf7c407c2cedff20999df2af8eb42d56 -> 
  custom:audio-encoder-webm-vorbis: bf7c407c2cedff20999df2af8eb42d56 -> 
  custom:video-codec-MediaFoundation-h265: 746d11721c4dcdbdad8f713fa42b33f4 -> 
  custom:video-decoder-ogg-theora: a1e56fd34408186e4bbccfd4996cb3dc -> 
  custom:CustomObjectIndexerAttribute: a3ef5dd2817f97addfee359851a9dba5 -> 
  custom:container-demuxer-webm: 4f35f7cbe854078d1ac9338744f61a02 -> 
  custom:video-encoder-webm-vp8: eb34c28f22e8b96e1ab97ce403110664 -> 
========================================================================
Received Prepare
Begin MonoManager ReloadAssembly
- Loaded All Assemblies, in  2.805 seconds
Refreshing native plugins compatible for Editor in 3.40 ms, found 6 plugins.
Native extension for WindowsStandalone target not found
Native extension for WebGL target not found
[Package Manager] Server::EnsureServerProcessIsRunning -- launch failed, reason: Unity was launched with the -noUpm command-line argument
[Package Manager] UpmClient::Send -- Unable to send message (not connected to UPM process).
[Package Manager] Cannot connect to Unity Package Manager local server
[Package Manager] Server::EnsureServerProcessIsRunning -- launch failed, reason: Unity was launched with the -noUpm command-line argument
[Package Manager] UpmClient::Send -- Unable to send message (not connected to UPM process).
[Package Manager] Cannot connect to Unity Package Manager local server
Mono: successfully reloaded assembly
[Package Manager] Server::EnsureServerProcessIsRunning -- launch failed, reason: Unity was launched with the -noUpm command-line argument
[Package Manager] UpmClient::Send -- Unable to send message (not connected to UPM process).
[Package Manager] Cannot connect to Unity Package Manager local server
- Finished resetting the current domain, in 13.482 seconds
Domain Reload Profiling: 16284ms
	BeginReloadAssembly (131ms)
		ExecutionOrderSort (0ms)
		DisableScriptedObjects (3ms)
		BackupInstance (0ms)
		ReleaseScriptingObjects (0ms)
		CreateAndSetChildDomain (32ms)
	RebuildCommonClasses (121ms)
	RebuildNativeTypeToScriptingClass (8ms)
	initialDomainReloadingComplete (22ms)
	LoadAllAssembliesAndSetupDomain (2519ms)
		LoadAssemblies (2530ms)
		RebuildTransferFunctionScriptingTraits (0ms)
		AnalyzeDomain (57ms)
			TypeCache.Refresh (12ms)
				TypeCache.ScanAssembly (1ms)
			ScanForSourceGeneratedMonoScriptInfo (30ms)
			ResolveRequiredComponents (13ms)
	FinalizeReload (13482ms)
		ReleaseScriptCaches (0ms)
		RebuildScriptCaches (0ms)
		SetupLoadedEditorAssemblies (396ms)
			LogAssemblyErrors (0ms)
			InitializePlatformSupportModulesInManaged (5ms)
			SetLoadedEditorAssemblies (4ms)
			RefreshPlugins (0ms)
			BeforeProcessingInitializeOnLoad (70ms)
			ProcessInitializeOnLoadAttributes (296ms)
			ProcessInitializeOnLoadMethodAttributes (17ms)
			AfterProcessingInitializeOnLoad (3ms)
			EditorAssembliesLoaded (0ms)
		ExecutionOrderSort2 (0ms)
		AwakeInstancesAfterBackupRestoration (4ms)
Refreshing native plugins compatible for Editor in 4.91 ms, found 6 plugins.
Preloading 0 native plugins for Editor in 0.00 ms.
Unloading 7869 Unused Serialized files (Serialized files now loaded: 0)
Unloading 200 unused Assets / (14.8 MB). Loaded Objects now: 8557.
Memory consumption went from 300.4 MB to 285.5 MB.
Total: 5.961000 ms (FindLiveObjects: 0.443900 ms CreateObjectMapping: 0.298600 ms MarkObjects: 2.329300 ms  DeleteObjects: 2.888400 ms)

Prepare: number of updated asset objects reloaded= 0
AssetImportParameters requested are different than current active one (requested -> active):
  custom:container-demuxer-ogg: 62fdf1f143b41e24485cea50d1cbac27 -> 
  custom:framework-win-MediaFoundation: 216162199b28c13a410421893ffa2e32 -> 
  custom:container-muxer-webm: aa71ff27fc2769a1b78a27578f13a17b -> 
  custom:video-decoder-webm-vp8: 9c59270c3fd7afecdb556c50c9e8de78 -> 
  custom:SearchIndexIgnoredProperties: e643bd26f0fe6173181afceb89e7c659 -> 
  custom:AudioImporter_EditorPlatform: d09bf68614088b80899f8185d706f6e7 -> 
  custom:audio-decoder-ogg-vorbis: bf7c407c2cedff20999df2af8eb42d56 -> 
  custom:audio-encoder-webm-vorbis: bf7c407c2cedff20999df2af8eb42d56 -> 
  custom:video-codec-MediaFoundation-h265: 746d11721c4dcdbdad8f713fa42b33f4 -> 
  custom:video-decoder-ogg-theora: a1e56fd34408186e4bbccfd4996cb3dc -> 
  custom:CustomObjectIndexerAttribute: a3ef5dd2817f97addfee359851a9dba5 -> 
  custom:container-demuxer-webm: 4f35f7cbe854078d1ac9338744f61a02 -> 
  custom:video-encoder-webm-vp8: eb34c28f22e8b96e1ab97ce403110664 -> 
========================================================================
Received Import Request.
  Time since last request: 1328.003150 seconds.
  path: Assets/Scripts/AdjustSpeed.cs
  artifactKey: Guid(ef5f8b32e9457e2429c2e2db7ada3fd6) Importer(815301076,1909f56bfc062723c751e8b465ee728b)
Start importing Assets/Scripts/AdjustSpeed.cs using Guid(ef5f8b32e9457e2429c2e2db7ada3fd6) Importer(815301076,1909f56bfc062723c751e8b465ee728b)  -> (artifact id: 'b2b18b8b5cd1eb3dd1f484e203021dba') in 0.001831 seconds
Number of updated asset objects reloaded before import = 0
Number of asset objects unloaded after import = 0
